  Determining projects to restore...
C:\Program Files\dotnet\sdk\10.0.201\NuGet.targets(196,5): error : Response status code does not indicate success: 401 (Unauthorized). [C:\nemina\QueryLens\EFQueryLens.slnx]

Build FAILED.

C:\Program Files\dotnet\sdk\10.0.201\NuGet.targets(196,5): error : Response status code does not indicate success: 401 (Unauthorized). [C:\nemina\QueryLens\EFQueryLens.slnx]
    0 Warning(s)
    1 Error(s)

Time Elapsed 00:00:02.53
